// Jest Snapshot v1, https://goo.gl/fbAQLP

exports[`matches snapshot 1`] = `
<form
  className="container"
  data-testid="loginForm"
  onSubmit={[Function]}
>
  <label
    htmlFor="username"
  >
    Username:
  </label>
  <input
    data-testid="username"
    id="username"
    name="username"
    onChange={[Function]}
    required={true}
    type="text"
    value=""
  />
  <label
    htmlFor="username"
  >
    Password:
  </label>
  <input
    data-testid="password"
    id="password"
    name="password"
    onChange={[Function]}
    required={true}
    type="password"
    value=""
  />
  <input
    data-testid="btnLogin"
    type="submit"
    value="Login"
  />
</form>
`;
